// Jest Snapshot v1, https://goo.gl/fbAQLP

exports[`renders correctly 1`] = `
<div>
  <header>
    <a
      className="logo row cross-center shadow-5"
      href="/"
      onClick={[Function]}
    >
      <img
        alt=""
        src="icon.png"
      />
      eow.com
    </a>
  </header>
  <div
    className="row cross-center nav-container"
  >
    <div>
      Breed: 
    </div>
    <button
      className="link nav selected-nav"
      onClick={[Function]}
      type="button"
    >
      All
    </button>
    <button
      className="link nav "
      onClick={[Function]}
      type="button"
    >
      Abyssinian
    </button>
    <button
      className="link nav "
      onClick={[Function]}
      type="button"
    >
      Aegean
    </button>
    <button
      className="link nav "
      onClick={[Function]}
      type="button"
    >
      American Shorthair
    </button>
    <button
      className="link nav "
      onClick={[Function]}
      type="button"
    >
      British Shorthair
    </button>
    <button
      className="link nav "
      onClick={[Function]}
      type="button"
    >
      Devon Rex
    </button>
    <button
      className="link nav "
      onClick={[Function]}
      type="button"
    >
      Exotic Shorthair
    </button>
    <button
      className="link nav "
      onClick={[Function]}
      type="button"
    >
      Maine Coon
    </button>
    <button
      className="link nav "
      onClick={[Function]}
      type="button"
    >
      Ragdoll
    </button>
    <button
      className="link nav "
      onClick={[Function]}
      type="button"
    >
      Scottish Fold
    </button>
    <button
      className="link nav "
      onClick={[Function]}
      type="button"
    >
      Persian
    </button>
  </div>
  <div
    className="row wrap"
  />
  <button
    className="show-more link"
    onClick={[Function]}
    type="button"
  >
    Show more
  </button>
</div>
`;
